============================= test session starts =============================
platform win32 -- Python 3.13.5, pytest-9.0.2, pluggy-1.6.0 -- C:\Python\python.exe
cachedir: .pytest_cache
rootdir: C:\Users\Ishaan Gupta\OneDrive\Pictures\Desktop\pdf-chatbot
plugins: anyio-4.11.0
collecting ... collected 0 items / 1 error

=================================== ERRORS ====================================
______________________ ERROR collecting test_chatbot.py _______________________
ImportError while importing test module 'C:\Users\Ishaan Gupta\OneDrive\Pictures\Desktop\pdf-chatbot\test_chatbot.py'.
Hint: make sure your test modules/packages have valid Python names.
Traceback:
C:\Python\Lib\importlib\__init__.py:88: in import_module
    return _bootstrap._gcd_import(name[level:], package, level)
           ^^^^^^^^^^^^^^^^^^^^^^^^^^^^^^^^^^^^^^^^^^^^^^^^^^^^
test_chatbot.py:27: in <module>
    from backend import (
backend.py:11: in <module>
    from langchain_community.document_loaders import PyPDFLoader
E   ModuleNotFoundError: No module named 'langchain_community'
=========================== short test summary info ===========================
ERROR test_chatbot.py
!!!!!!!!!!!!!!!!!!! Interrupted: 1 error during collection !!!!!!!!!!!!!!!!!!!!
============================== 1 error in 0.87s ===============================
