============================= test session starts =============================
platform win32 -- Python 3.13.5, pytest-9.0.2, pluggy-1.6.0
rootdir: C:\Users\Ishaan Gupta\OneDrive\Pictures\Desktop\pdf-chatbot
plugins: anyio-4.12.0, langsmith-0.4.49
collected 19 items

test_chatbot.py ............F......                                      [100%]

================================== FAILURES ===================================
_____________ TestRobotsTxt.test_check_robots_txt_allows_scraping _____________

self = <test_chatbot.TestRobotsTxt object at 0x000001CFFB06D590>
mock_get = <MagicMock name='get' id='1992781405824'>

    @patch("backend.requests.get")
    def test_check_robots_txt_allows_scraping(self, mock_get):
        """Test robots.txt that allows scraping"""
        mock_response = Mock()
        mock_response.status_code = 200
        mock_response.text = "User-agent: *\nDisallow: /admin"
        mock_get.return_value = mock_response
    
        result = check_robots_txt("https://example.com")
>       assert result["allowed"] == True
E       assert False == True

test_chatbot.py:175: AssertionError
=========================== short test summary info ===========================
FAILED test_chatbot.py::TestRobotsTxt::test_check_robots_txt_allows_scraping
======================== 1 failed, 18 passed in 9.02s =========================
